<html>
<body>
<pre>
<h1>µVision Build Log</h1>
<h2>Tool Versions:</h2>
IDE-Version: ¦ÌVision V5.43.1.0
Copyright (C) 2025 ARM Ltd and ARM Germany GmbH. All rights reserved.
License Information: jj 2546704288@qq.com, NCHU, LIC=----
 
Tool Versions:
Toolchain:       MDK-Lite  Version: 5.43.0.0
Toolchain Path:  D:\keil mdk-arm\ARM\ARMCLANG\Bin
C Compiler:      ArmClang.exe V6.24
Assembler:       Armasm.exe V6.24
Linker/Locator:  ArmLink.exe V6.24
Library Manager: ArmAr.exe V6.24
Hex Converter:   FromElf.exe V6.24
CPU DLL:         SARMCM3.DLL V5.43.0.0
Dialog DLL:      DCM.DLL V1.17.5.0
Target DLL:      UL2CM3.DLL V1.164.16.0
Dialog DLL:      TCM.DLL V1.56.6.0
 
<h2>Project:</h2>
D:\Desktop\mqtt\02_mq2_smoke\MDK-ARM\mq2_smoke_monitor.uvprojx
Project File Date:  07/22/2026

<h2>Output:</h2>
*** Using Compiler 'V6.24', folder: 'D:\keil mdk-arm\ARM\ARMCLANG\Bin'
Build target 'mq2_smoke_monitor'
compiling main.c...
compiling debug_log.c...
compiling stm32f1xx_it.c...
compiling gpio.c...
compiling adc.c...
compiling stm32f1xx_hal_msp.c...
compiling esp12f.c...
assembling startup_stm32f103xb.s...
compiling usart.c...
linking...
Program Size: Code=15820 RO-data=1096 RW-data=12 ZI-data=4524  
FromELF: creating hex file...
"..\mq2_smoke_monitor.axf" - 0 Error(s), 0 Warning(s).

<h2>Software Packages used:</h2>

Package Vendor: Keil
                https://www.keil.com/pack/Keil.STM32F1xx_DFP.2.4.1.pack
                Keil::STM32F1xx_DFP@2.4.1
                STMicroelectronics STM32F1 Series Device Support, Drivers and Examples

<h2>Collection of Component include folders:</h2>
  ./RTE/_mq2_smoke_monitor
  D:/keil mdk arm pack/Keil/STM32F1xx_DFP/2.4.1/Device/Include

<h2>Collection of Component Files used:</h2>
Build Time Elapsed:  00:00:06
</pre>
</body>
</html>
